mode: set
go-postgres-rest/pkg/services/bulk_service.go:14.74,16.2 1 1
go-postgres-rest/pkg/services/bulk_service.go:19.120,20.23 1 1
go-postgres-rest/pkg/services/bulk_service.go:20.23,22.3 1 1
go-postgres-rest/pkg/services/bulk_service.go:25.2,25.46 1 1
go-postgres-rest/pkg/services/bulk_service.go:29.159,30.20 1 1
go-postgres-rest/pkg/services/bulk_service.go:30.20,32.3 1 1
go-postgres-rest/pkg/services/bulk_service.go:34.2,34.71 1 1
go-postgres-rest/pkg/services/bulk_service.go:38.121,39.23 1 1
go-postgres-rest/pkg/services/bulk_service.go:39.23,41.3 1 1
go-postgres-rest/pkg/services/bulk_service.go:44.2,44.59 1 1
go-postgres-rest/pkg/services/bulk_service.go:48.103,49.19 1 1
go-postgres-rest/pkg/services/bulk_service.go:49.19,51.3 1 1
go-postgres-rest/pkg/services/bulk_service.go:54.2,54.52 1 1
go-postgres-rest/pkg/services/migration_service.go:25.91,27.2 1 1
go-postgres-rest/pkg/services/migration_service.go:29.61,32.16 2 1
go-postgres-rest/pkg/services/migration_service.go:32.16,34.3 1 0
go-postgres-rest/pkg/services/migration_service.go:36.2,36.12 1 1
go-postgres-rest/pkg/services/migration_service.go:36.12,38.3 1 1
go-postgres-rest/pkg/services/migration_service.go:41.2,51.67 2 1
go-postgres-rest/pkg/services/migration_service.go:54.65,57.16 2 1
go-postgres-rest/pkg/services/migration_service.go:57.16,59.3 1 0
go-postgres-rest/pkg/services/migration_service.go:62.2,62.36 1 1
go-postgres-rest/pkg/services/migration_service.go:62.36,63.32 1 1
go-postgres-rest/pkg/services/migration_service.go:63.32,65.4 1 1
go-postgres-rest/pkg/services/migration_service.go:69.2,70.16 2 1
go-postgres-rest/pkg/services/migration_service.go:70.16,72.3 1 0
go-postgres-rest/pkg/services/migration_service.go:75.2,77.16 3 1
go-postgres-rest/pkg/services/migration_service.go:77.16,79.3 1 0
go-postgres-rest/pkg/services/migration_service.go:81.2,81.12 1 1
go-postgres-rest/pkg/services/migration_service.go:84.89,86.16 2 1
go-postgres-rest/pkg/services/migration_service.go:86.16,88.3 1 0
go-postgres-rest/pkg/services/migration_service.go:91.2,92.33 2 1
go-postgres-rest/pkg/services/migration_service.go:92.33,100.62 2 1
go-postgres-rest/pkg/services/migration_service.go:100.62,102.4 1 1
go-postgres-rest/pkg/services/migration_service.go:105.3,105.39 1 1
go-postgres-rest/pkg/services/migration_service.go:105.39,107.4 1 1
go-postgres-rest/pkg/services/migration_service.go:109.3,109.45 1 1
go-postgres-rest/pkg/services/migration_service.go:112.2,112.24 1 1
go-postgres-rest/pkg/services/migration_service.go:115.42,118.2 2 1
go-postgres-rest/pkg/services/performance_service.go:16.88,18.2 1 1
go-postgres-rest/pkg/services/performance_service.go:21.68,24.16 2 1
go-postgres-rest/pkg/services/performance_service.go:24.16,26.3 1 0
go-postgres-rest/pkg/services/performance_service.go:29.2,30.41 2 1
go-postgres-rest/pkg/services/performance_service.go:30.41,31.35 1 1
go-postgres-rest/pkg/services/performance_service.go:31.35,33.9 2 1
go-postgres-rest/pkg/services/performance_service.go:37.2,37.24 1 1
go-postgres-rest/pkg/services/performance_service.go:37.24,39.3 1 0
go-postgres-rest/pkg/services/performance_service.go:42.2,42.45 1 1
go-postgres-rest/pkg/services/performance_service.go:42.45,44.65 1 1
go-postgres-rest/pkg/services/performance_service.go:44.65,47.18 3 1
go-postgres-rest/pkg/services/performance_service.go:47.18,49.5 1 0
go-postgres-rest/pkg/services/performance_service.go:53.3,53.42 1 1
go-postgres-rest/pkg/services/performance_service.go:53.42,56.18 3 1
go-postgres-rest/pkg/services/performance_service.go:56.18,58.5 1 0
go-postgres-rest/pkg/services/performance_service.go:62.2,62.12 1 1
go-postgres-rest/pkg/services/performance_service.go:65.106,66.33 1 1
go-postgres-rest/pkg/services/performance_service.go:66.33,67.34 1 1
go-postgres-rest/pkg/services/performance_service.go:67.34,68.25 1 1
go-postgres-rest/pkg/services/performance_service.go:68.25,70.5 1 1
go-postgres-rest/pkg/services/performance_service.go:73.2,73.14 1 1
go-postgres-rest/pkg/services/performance_service.go:76.75,88.2 2 1
go-postgres-rest/pkg/services/performance_service.go:91.76,94.2 1 1
go-postgres-rest/pkg/services/performance_service.go:97.86,100.2 1 1
go-postgres-rest/pkg/services/performance_service.go:103.101,106.2 2 1
go-postgres-rest/pkg/services/performance_service.go:109.104,112.16 2 1
go-postgres-rest/pkg/services/performance_service.go:112.16,114.3 1 1
go-postgres-rest/pkg/services/performance_service.go:116.2,116.13 1 1
go-postgres-rest/pkg/services/performance_service.go:116.13,118.3 1 0
go-postgres-rest/pkg/services/performance_service.go:121.2,122.16 2 1
go-postgres-rest/pkg/services/performance_service.go:122.16,124.3 1 0
go-postgres-rest/pkg/services/performance_service.go:126.2,127.41 2 1
go-postgres-rest/pkg/services/performance_service.go:127.41,128.35 1 1
go-postgres-rest/pkg/services/performance_service.go:128.35,130.9 2 1
go-postgres-rest/pkg/services/performance_service.go:134.2,134.24 1 1
go-postgres-rest/pkg/services/performance_service.go:134.24,136.3 1 0
go-postgres-rest/pkg/services/performance_service.go:138.2,147.39 2 1
go-postgres-rest/pkg/services/performance_service.go:147.39,149.3 1 1
go-postgres-rest/pkg/services/performance_service.go:151.2,151.38 1 1
go-postgres-rest/pkg/services/performance_service.go:151.38,153.3 1 1
go-postgres-rest/pkg/services/performance_service.go:155.2,155.35 1 1
go-postgres-rest/pkg/services/performance_service.go:155.35,157.3 1 0
go-postgres-rest/pkg/services/performance_service.go:159.2,159.22 1 1
go-postgres-rest/pkg/services/relationship_service.go:14.97,16.2 1 1
go-postgres-rest/pkg/services/relationship_service.go:18.128,20.65 1 1
go-postgres-rest/pkg/services/relationship_service.go:20.65,22.3 1 1
go-postgres-rest/pkg/services/relationship_service.go:25.2,25.18 1 1
go-postgres-rest/pkg/services/relationship_service.go:26.35,27.43 1 1
go-postgres-rest/pkg/services/relationship_service.go:28.36,29.44 1 1
go-postgres-rest/pkg/services/relationship_service.go:30.37,31.45 1 1
go-postgres-rest/pkg/services/relationship_service.go:32.10,33.72 1 0
go-postgres-rest/pkg/services/relationship_service.go:37.143,39.21 1 1
go-postgres-rest/pkg/services/relationship_service.go:39.21,40.74 1 1
go-postgres-rest/pkg/services/relationship_service.go:40.74,42.4 1 0
go-postgres-rest/pkg/services/relationship_service.go:46.2,46.106 1 1
go-postgres-rest/pkg/services/relationship_service.go:46.106,47.71 1 1
go-postgres-rest/pkg/services/relationship_service.go:47.71,49.4 1 0
go-postgres-rest/pkg/services/relationship_service.go:52.2,52.12 1 1
go-postgres-rest/pkg/services/relationship_service.go:57.174,58.27 1 1
go-postgres-rest/pkg/services/relationship_service.go:59.35,60.46 1 1
go-postgres-rest/pkg/services/relationship_service.go:61.36,62.47 1 1
go-postgres-rest/pkg/services/relationship_service.go:63.10,64.102 1 0
go-postgres-rest/pkg/services/relationship_service.go:68.174,69.27 1 1
go-postgres-rest/pkg/services/relationship_service.go:70.37,71.48 1 1
go-postgres-rest/pkg/services/relationship_service.go:72.36,73.47 1 1
go-postgres-rest/pkg/services/relationship_service.go:74.10,75.102 1 0
go-postgres-rest/pkg/services/relationship_service.go:79.177,80.27 1 1
go-postgres-rest/pkg/services/relationship_service.go:81.37,82.51 1 1
go-postgres-rest/pkg/services/relationship_service.go:83.65,84.50 1 1
go-postgres-rest/pkg/services/relationship_service.go:85.10,86.105 1 0
go-postgres-rest/pkg/services/relationship_service.go:92.109,93.20 1 1
go-postgres-rest/pkg/services/relationship_service.go:93.20,95.3 1 1
go-postgres-rest/pkg/services/relationship_service.go:97.2,97.20 1 1
go-postgres-rest/pkg/services/relationship_service.go:97.20,99.3 1 0
go-postgres-rest/pkg/services/relationship_service.go:101.2,101.27 1 1
go-postgres-rest/pkg/services/relationship_service.go:101.27,103.3 1 0
go-postgres-rest/pkg/services/relationship_service.go:105.2,105.27 1 1
go-postgres-rest/pkg/services/relationship_service.go:105.27,107.3 1 0
go-postgres-rest/pkg/services/relationship_service.go:109.2,109.12 1 1
go-postgres-rest/pkg/services/relationship_service.go:112.136,115.24 2 1
go-postgres-rest/pkg/services/relationship_service.go:115.24,117.3 1 1
go-postgres-rest/pkg/services/relationship_service.go:119.2,120.24 2 1
go-postgres-rest/pkg/services/relationship_service.go:120.24,122.3 1 1
go-postgres-rest/pkg/services/relationship_service.go:124.2,136.33 2 1
go-postgres-rest/pkg/services/relationship_service.go:136.33,137.74 1 1
go-postgres-rest/pkg/services/relationship_service.go:137.74,139.4 1 0
go-postgres-rest/pkg/services/relationship_service.go:143.2,143.27 1 1
go-postgres-rest/pkg/services/relationship_service.go:146.137,149.24 2 1
go-postgres-rest/pkg/services/relationship_service.go:149.24,151.3 1 1
go-postgres-rest/pkg/services/relationship_service.go:153.2,154.24 2 1
go-postgres-rest/pkg/services/relationship_service.go:154.24,156.3 1 1
go-postgres-rest/pkg/services/relationship_service.go:158.2,170.33 2 1
go-postgres-rest/pkg/services/relationship_service.go:170.33,171.73 1 0
go-postgres-rest/pkg/services/relationship_service.go:171.73,173.4 1 0
go-postgres-rest/pkg/services/relationship_service.go:178.2,178.26 1 1
go-postgres-rest/pkg/services/relationship_service.go:181.138,185.26 2 1
go-postgres-rest/pkg/services/relationship_service.go:185.26,189.3 3 0
go-postgres-rest/pkg/services/relationship_service.go:192.2,192.25 1 1
go-postgres-rest/pkg/services/relationship_service.go:192.25,194.3 1 1
go-postgres-rest/pkg/services/relationship_service.go:195.2,195.28 1 1
go-postgres-rest/pkg/services/relationship_service.go:195.28,197.3 1 1
go-postgres-rest/pkg/services/relationship_service.go:198.2,198.28 1 1
go-postgres-rest/pkg/services/relationship_service.go:198.28,200.3 1 1
go-postgres-rest/pkg/services/relationship_service.go:203.2,204.24 2 1
go-postgres-rest/pkg/services/relationship_service.go:204.24,206.3 1 1
go-postgres-rest/pkg/services/relationship_service.go:207.2,208.24 2 1
go-postgres-rest/pkg/services/relationship_service.go:208.24,210.3 1 1
go-postgres-rest/pkg/services/relationship_service.go:213.2,235.75 3 1
go-postgres-rest/pkg/services/relationship_service.go:235.75,237.3 1 0
go-postgres-rest/pkg/services/relationship_service.go:240.2,240.26 1 1
go-postgres-rest/pkg/services/relationship_service.go:243.170,245.16 2 1
go-postgres-rest/pkg/services/relationship_service.go:245.16,250.3 1 1
go-postgres-rest/pkg/services/relationship_service.go:252.2,255.8 1 0
go-postgres-rest/pkg/services/relationship_service.go:258.171,260.16 2 1
go-postgres-rest/pkg/services/relationship_service.go:260.16,265.3 1 0
go-postgres-rest/pkg/services/relationship_service.go:267.2,270.8 1 1
go-postgres-rest/pkg/services/relationship_service.go:273.172,275.16 2 1
go-postgres-rest/pkg/services/relationship_service.go:275.16,280.3 1 0
go-postgres-rest/pkg/services/relationship_service.go:282.2,286.8 1 1
go-postgres-rest/pkg/services/relationship_service.go:289.171,291.16 2 1
go-postgres-rest/pkg/services/relationship_service.go:291.16,296.3 1 0
go-postgres-rest/pkg/services/relationship_service.go:298.2,301.8 1 1
go-postgres-rest/pkg/services/relationship_service.go:304.175,306.16 2 1
go-postgres-rest/pkg/services/relationship_service.go:306.16,311.3 1 0
go-postgres-rest/pkg/services/relationship_service.go:313.2,316.8 1 1
go-postgres-rest/pkg/services/relationship_service.go:319.174,321.16 2 1
go-postgres-rest/pkg/services/relationship_service.go:321.16,326.3 1 0
go-postgres-rest/pkg/services/relationship_service.go:328.2,331.8 1 1
go-postgres-rest/pkg/services/table_service.go:18.76,20.2 1 1
go-postgres-rest/pkg/services/table_service.go:23.73,25.2 1 1
go-postgres-rest/pkg/services/table_service.go:28.116,30.16 2 1
go-postgres-rest/pkg/services/table_service.go:30.16,32.3 1 0
go-postgres-rest/pkg/services/table_service.go:34.2,35.9 2 1
go-postgres-rest/pkg/services/table_service.go:35.9,40.3 1 1
go-postgres-rest/pkg/services/table_service.go:41.2,41.18 1 1
go-postgres-rest/pkg/services/table_service.go:44.116,46.16 2 1
go-postgres-rest/pkg/services/table_service.go:46.16,48.3 1 0
go-postgres-rest/pkg/services/table_service.go:49.2,50.9 2 1
go-postgres-rest/pkg/services/table_service.go:50.9,55.3 1 0
go-postgres-rest/pkg/services/table_service.go:56.2,56.18 1 1
go-postgres-rest/pkg/services/table_service.go:59.132,61.16 2 1
go-postgres-rest/pkg/services/table_service.go:61.16,63.3 1 0
go-postgres-rest/pkg/services/table_service.go:64.2,65.9 2 1
go-postgres-rest/pkg/services/table_service.go:65.9,70.3 1 0
go-postgres-rest/pkg/services/table_service.go:71.2,71.18 1 1
go-postgres-rest/pkg/services/table_service.go:74.77,76.2 1 1
go-postgres-rest/pkg/services/table_service.go:79.73,81.58 1 1
go-postgres-rest/pkg/services/table_service.go:81.58,83.3 1 1
go-postgres-rest/pkg/services/table_service.go:85.2,85.37 1 1
go-postgres-rest/pkg/services/table_service.go:88.87,90.63 1 1
go-postgres-rest/pkg/services/table_service.go:90.63,92.3 1 1
go-postgres-rest/pkg/services/table_service.go:94.2,94.40 1 0
go-postgres-rest/pkg/services/table_service.go:97.89,99.57 1 1
go-postgres-rest/pkg/services/table_service.go:99.57,101.3 1 1
go-postgres-rest/pkg/services/table_service.go:103.2,103.47 1 0
go-postgres-rest/pkg/services/table_service.go:107.88,108.20 1 1
go-postgres-rest/pkg/services/table_service.go:108.20,110.3 1 1
go-postgres-rest/pkg/services/table_service.go:112.2,112.27 1 1
go-postgres-rest/pkg/services/table_service.go:112.27,114.3 1 0
go-postgres-rest/pkg/services/table_service.go:117.2,118.34 2 1
go-postgres-rest/pkg/services/table_service.go:118.34,119.57 1 1
go-postgres-rest/pkg/services/table_service.go:119.57,121.4 1 1
go-postgres-rest/pkg/services/table_service.go:123.3,123.28 1 1
go-postgres-rest/pkg/services/table_service.go:123.28,125.4 1 0
go-postgres-rest/pkg/services/table_service.go:126.3,126.31 1 1
go-postgres-rest/pkg/services/table_service.go:130.2,130.36 1 1
go-postgres-rest/pkg/services/table_service.go:130.36,131.23 1 1
go-postgres-rest/pkg/services/table_service.go:131.23,133.4 1 0
go-postgres-rest/pkg/services/table_service.go:137.2,137.37 1 1
go-postgres-rest/pkg/services/table_service.go:137.37,138.34 1 1
go-postgres-rest/pkg/services/table_service.go:138.34,139.25 1 1
go-postgres-rest/pkg/services/table_service.go:139.25,141.5 1 1
go-postgres-rest/pkg/services/table_service.go:145.2,145.12 1 1
go-postgres-rest/pkg/services/table_service.go:148.84,149.20 1 1
go-postgres-rest/pkg/services/table_service.go:149.20,151.3 1 1
go-postgres-rest/pkg/services/table_service.go:153.2,153.24 1 1
go-postgres-rest/pkg/services/table_service.go:153.24,155.3 1 0
go-postgres-rest/pkg/services/table_service.go:158.2,171.56 3 1
go-postgres-rest/pkg/services/table_service.go:171.56,173.3 1 0
go-postgres-rest/pkg/services/table_service.go:175.2,175.44 1 1
go-postgres-rest/pkg/services/table_service.go:175.44,177.3 1 1
go-postgres-rest/pkg/services/table_service.go:179.2,179.12 1 1
go-postgres-rest/pkg/services/table_service.go:182.86,183.20 1 1
go-postgres-rest/pkg/services/table_service.go:184.20,185.59 1 0
go-postgres-rest/pkg/services/table_service.go:185.59,187.4 1 0
go-postgres-rest/pkg/services/table_service.go:188.3,191.4 1 0
go-postgres-rest/pkg/services/table_service.go:193.21,194.61 1 1
go-postgres-rest/pkg/services/table_service.go:194.61,195.32 1 0
go-postgres-rest/pkg/services/table_service.go:195.32,197.5 1 0
go-postgres-rest/pkg/services/table_service.go:198.4,198.14 1 0
go-postgres-rest/pkg/services/table_service.go:200.3,203.4 1 1
go-postgres-rest/pkg/services/table_service.go:205.23,206.62 1 0
go-postgres-rest/pkg/services/table_service.go:206.62,207.31 1 0
go-postgres-rest/pkg/services/table_service.go:207.31,209.5 1 0
go-postgres-rest/pkg/services/table_service.go:210.4,210.14 1 0
go-postgres-rest/pkg/services/table_service.go:212.3,215.4 1 0
go-postgres-rest/pkg/services/table_service.go:217.23,218.65 1 0
go-postgres-rest/pkg/services/table_service.go:218.65,219.58 1 0
go-postgres-rest/pkg/services/table_service.go:219.58,221.5 1 0
go-postgres-rest/pkg/services/table_service.go:222.4,222.14 1 0
go-postgres-rest/pkg/services/table_service.go:224.3,227.4 1 0
go-postgres-rest/pkg/services/table_service.go:229.10,230.58 1 1
go-postgres-rest/pkg/services/table_service.go:235.120,239.34 2 1
go-postgres-rest/pkg/services/table_service.go:239.34,240.14 1 1
go-postgres-rest/pkg/services/table_service.go:241.17,242.43 1 1
go-postgres-rest/pkg/services/table_service.go:242.43,244.34 2 1
go-postgres-rest/pkg/services/table_service.go:244.34,246.6 1 1
go-postgres-rest/pkg/services/table_service.go:247.10,247.27 1 1
go-postgres-rest/pkg/services/table_service.go:247.27,252.5 1 1
go-postgres-rest/pkg/services/table_service.go:254.16,255.49 1 1
go-postgres-rest/pkg/services/table_service.go:255.49,258.39 2 1
go-postgres-rest/pkg/services/table_service.go:258.39,259.62 1 1
go-postgres-rest/pkg/services/table_service.go:259.62,261.53 2 1
go-postgres-rest/pkg/services/table_service.go:261.53,263.8 1 1
go-postgres-rest/pkg/services/table_service.go:263.13,263.55 1 0
go-postgres-rest/pkg/services/table_service.go:263.55,268.8 1 0
go-postgres-rest/pkg/services/table_service.go:269.7,269.55 1 1
go-postgres-rest/pkg/services/table_service.go:269.55,271.8 1 1
go-postgres-rest/pkg/services/table_service.go:271.13,271.54 1 0
go-postgres-rest/pkg/services/table_service.go:271.54,276.8 1 0
go-postgres-rest/pkg/services/table_service.go:277.7,277.47 1 1
go-postgres-rest/pkg/services/table_service.go:277.47,279.8 1 1
go-postgres-rest/pkg/services/table_service.go:279.13,279.52 1 0
go-postgres-rest/pkg/services/table_service.go:279.52,284.8 1 0
go-postgres-rest/pkg/services/table_service.go:285.7,285.53 1 1
go-postgres-rest/pkg/services/table_service.go:285.53,287.8 1 1
go-postgres-rest/pkg/services/table_service.go:287.13,287.55 1 0
go-postgres-rest/pkg/services/table_service.go:287.55,292.8 1 0
go-postgres-rest/pkg/services/table_service.go:293.7,293.34 1 1
go-postgres-rest/pkg/services/table_service.go:294.12,299.7 1 1
go-postgres-rest/pkg/services/table_service.go:301.5,301.25 1 1
go-postgres-rest/pkg/services/table_service.go:302.10,302.27 1 0
go-postgres-rest/pkg/services/table_service.go:302.27,307.5 1 0
go-postgres-rest/pkg/services/table_service.go:309.21,310.48 1 1
go-postgres-rest/pkg/services/table_service.go:310.48,313.37 2 1
go-postgres-rest/pkg/services/table_service.go:313.37,314.60 1 1
go-postgres-rest/pkg/services/table_service.go:314.60,316.58 2 1
go-postgres-rest/pkg/services/table_service.go:316.58,318.8 1 1
go-postgres-rest/pkg/services/table_service.go:318.13,318.57 1 0
go-postgres-rest/pkg/services/table_service.go:318.57,323.8 1 0
go-postgres-rest/pkg/services/table_service.go:324.7,324.54 1 1
go-postgres-rest/pkg/services/table_service.go:324.54,326.8 1 1
go-postgres-rest/pkg/services/table_service.go:326.13,326.55 1 0
go-postgres-rest/pkg/services/table_service.go:326.55,331.8 1 0
go-postgres-rest/pkg/services/table_service.go:332.7,332.52 1 1
go-postgres-rest/pkg/services/table_service.go:332.52,334.8 1 1
go-postgres-rest/pkg/services/table_service.go:334.13,334.54 1 0
go-postgres-rest/pkg/services/table_service.go:334.54,339.8 1 0
go-postgres-rest/pkg/services/table_service.go:340.7,340.43 1 1
go-postgres-rest/pkg/services/table_service.go:341.12,346.7 1 1
go-postgres-rest/pkg/services/table_service.go:348.5,348.35 1 1
go-postgres-rest/pkg/services/table_service.go:349.10,349.27 1 0
go-postgres-rest/pkg/services/table_service.go:349.27,354.5 1 0
go-postgres-rest/pkg/services/table_service.go:356.19,357.42 1 1
go-postgres-rest/pkg/services/table_service.go:357.42,359.35 2 1
go-postgres-rest/pkg/services/table_service.go:359.35,361.6 1 1
go-postgres-rest/pkg/services/table_service.go:362.10,362.27 1 0
go-postgres-rest/pkg/services/table_service.go:362.27,367.5 1 0
go-postgres-rest/pkg/services/table_service.go:369.16,370.58 1 1
go-postgres-rest/pkg/services/table_service.go:370.58,372.54 2 1
go-postgres-rest/pkg/services/table_service.go:372.54,374.6 1 1
go-postgres-rest/pkg/services/table_service.go:374.11,374.55 1 0
go-postgres-rest/pkg/services/table_service.go:374.55,379.6 1 0
go-postgres-rest/pkg/services/table_service.go:380.5,380.41 1 1
go-postgres-rest/pkg/services/table_service.go:380.41,382.6 1 1
go-postgres-rest/pkg/services/table_service.go:383.5,383.37 1 1
go-postgres-rest/pkg/services/table_service.go:383.37,385.6 1 1
go-postgres-rest/pkg/services/table_service.go:386.5,386.30 1 1
go-postgres-rest/pkg/services/table_service.go:387.10,387.27 1 0
go-postgres-rest/pkg/services/table_service.go:387.27,392.5 1 0
go-postgres-rest/pkg/services/table_service.go:394.20,395.56 1 1
go-postgres-rest/pkg/services/table_service.go:395.56,397.50 2 1
go-postgres-rest/pkg/services/table_service.go:397.50,399.6 1 1
go-postgres-rest/pkg/services/table_service.go:399.11,399.52 1 1
go-postgres-rest/pkg/services/table_service.go:399.52,404.6 1 0
go-postgres-rest/pkg/services/table_service.go:405.5,405.61 1 1
go-postgres-rest/pkg/services/table_service.go:405.61,408.34 2 1
go-postgres-rest/pkg/services/table_service.go:408.34,409.41 1 1
go-postgres-rest/pkg/services/table_service.go:409.41,411.8 1 1
go-postgres-rest/pkg/services/table_service.go:411.13,416.8 1 0
go-postgres-rest/pkg/services/table_service.go:418.6,418.31 1 1
go-postgres-rest/pkg/services/table_service.go:419.11,419.54 1 1
go-postgres-rest/pkg/services/table_service.go:419.54,424.6 1 1
go-postgres-rest/pkg/services/table_service.go:425.5,425.54 1 1
go-postgres-rest/pkg/services/table_service.go:425.54,427.6 1 1
go-postgres-rest/pkg/services/table_service.go:427.11,427.51 1 0
go-postgres-rest/pkg/services/table_service.go:427.51,432.6 1 0
go-postgres-rest/pkg/services/table_service.go:433.5,433.26 1 1
go-postgres-rest/pkg/services/table_service.go:434.10,434.27 1 0
go-postgres-rest/pkg/services/table_service.go:434.27,439.5 1 0
go-postgres-rest/pkg/services/table_service.go:443.2,443.20 1 1
go-postgres-rest/pkg/services/table_service.go:446.83,447.22 1 1
go-postgres-rest/pkg/services/table_service.go:447.22,449.3 1 0
go-postgres-rest/pkg/services/table_service.go:450.2,452.16 3 1
go-postgres-rest/pkg/services/table_service.go:452.16,454.3 1 0
go-postgres-rest/pkg/services/table_service.go:455.2,455.12 1 1
go-postgres-rest/pkg/services/table_service.go:458.79,459.21 1 1
go-postgres-rest/pkg/services/table_service.go:459.21,461.3 1 1
go-postgres-rest/pkg/services/table_service.go:464.2,466.16 3 1
go-postgres-rest/pkg/services/table_service.go:466.16,468.3 1 1
go-postgres-rest/pkg/services/table_service.go:470.2,470.12 1 0
go-postgres-rest/pkg/services/table_service.go:473.95,474.37 1 1
go-postgres-rest/pkg/services/table_service.go:474.37,476.3 1 1
go-postgres-rest/pkg/services/table_service.go:478.2,480.16 3 1
go-postgres-rest/pkg/services/table_service.go:480.16,482.3 1 0
go-postgres-rest/pkg/services/table_service.go:483.2,483.12 1 1
go-postgres-rest/pkg/services/table_service.go:486.107,487.45 1 1
go-postgres-rest/pkg/services/table_service.go:487.45,489.3 1 1
go-postgres-rest/pkg/services/table_service.go:491.2,493.16 3 1
go-postgres-rest/pkg/services/table_service.go:493.16,495.3 1 0
go-postgres-rest/pkg/services/table_service.go:496.2,496.12 1 1
go-postgres-rest/pkg/services/table_service.go:499.143,500.24 1 1
go-postgres-rest/pkg/services/table_service.go:500.24,502.3 1 1
go-postgres-rest/pkg/services/table_service.go:504.2,505.16 2 1
go-postgres-rest/pkg/services/table_service.go:505.16,507.3 1 1
go-postgres-rest/pkg/services/table_service.go:509.2,509.28 1 1
go-postgres-rest/pkg/services/table_service.go:510.32,511.16 1 1
go-postgres-rest/pkg/services/table_service.go:512.30,513.42 1 1
go-postgres-rest/pkg/services/table_service.go:514.10,515.84 1 1
